###############################################################################
#
# IAR ELF Linker V7.80.4.12462/W32 for ARM                10/Oct/2023  21:00:56
# Copyright 2007-2017 IAR Systems AB.
#
#    Output file  =  
#        C:\Users\ziqia\Desktop\FreeRTOS\FreeRTOS_STM32F407ZGT6_IAR\Demo\CORTEX_M4F_STM32F407ZG-SK\Flash
#        Debug\Exe\RTOSDemo.out
#    Map file     =  
#        C:\Users\ziqia\Desktop\FreeRTOS\FreeRTOS_STM32F407ZGT6_IAR\Demo\CORTEX_M4F_STM32F407ZG-SK\Flash
#        Debug\List\RTOSDemo.map
#    Command line =  
#        "C:\Users\ziqia\Desktop\FreeRTOS\FreeRTOS_STM32F407ZGT6_IAR\Demo\CORTEX_M4F_STM32F407ZG-SK\Flash
#        Debug\Obj\BlockQ.o"
#        "C:\Users\ziqia\Desktop\FreeRTOS\FreeRTOS_STM32F407ZGT6_IAR\Demo\CORTEX_M4F_STM32F407ZG-SK\Flash
#        Debug\Obj\blocktim.o"
#        "C:\Users\ziqia\Desktop\FreeRTOS\FreeRTOS_STM32F407ZGT6_IAR\Demo\CORTEX_M4F_STM32F407ZG-SK\Flash
#        Debug\Obj\countsem.o"
#        "C:\Users\ziqia\Desktop\FreeRTOS\FreeRTOS_STM32F407ZGT6_IAR\Demo\CORTEX_M4F_STM32F407ZG-SK\Flash
#        Debug\Obj\death.o"
#        "C:\Users\ziqia\Desktop\FreeRTOS\FreeRTOS_STM32F407ZGT6_IAR\Demo\CORTEX_M4F_STM32F407ZG-SK\Flash
#        Debug\Obj\dynamic.o"
#        "C:\Users\ziqia\Desktop\FreeRTOS\FreeRTOS_STM32F407ZGT6_IAR\Demo\CORTEX_M4F_STM32F407ZG-SK\Flash
#        Debug\Obj\flash.o"
#        "C:\Users\ziqia\Desktop\FreeRTOS\FreeRTOS_STM32F407ZGT6_IAR\Demo\CORTEX_M4F_STM32F407ZG-SK\Flash
#        Debug\Obj\GenQTest.o"
#        "C:\Users\ziqia\Desktop\FreeRTOS\FreeRTOS_STM32F407ZGT6_IAR\Demo\CORTEX_M4F_STM32F407ZG-SK\Flash
#        Debug\Obj\heap_2.o"
#        "C:\Users\ziqia\Desktop\FreeRTOS\FreeRTOS_STM32F407ZGT6_IAR\Demo\CORTEX_M4F_STM32F407ZG-SK\Flash
#        Debug\Obj\iar_stm32f407zg_sk.o"
#        "C:\Users\ziqia\Desktop\FreeRTOS\FreeRTOS_STM32F407ZGT6_IAR\Demo\CORTEX_M4F_STM32F407ZG-SK\Flash
#        Debug\Obj\integer.o"
#        "C:\Users\ziqia\Desktop\FreeRTOS\FreeRTOS_STM32F407ZGT6_IAR\Demo\CORTEX_M4F_STM32F407ZG-SK\Flash
#        Debug\Obj\list.o"
#        "C:\Users\ziqia\Desktop\FreeRTOS\FreeRTOS_STM32F407ZGT6_IAR\Demo\CORTEX_M4F_STM32F407ZG-SK\Flash
#        Debug\Obj\main.o"
#        "C:\Users\ziqia\Desktop\FreeRTOS\FreeRTOS_STM32F407ZGT6_IAR\Demo\CORTEX_M4F_STM32F407ZG-SK\Flash
#        Debug\Obj\misc.o"
#        "C:\Users\ziqia\Desktop\FreeRTOS\FreeRTOS_STM32F407ZGT6_IAR\Demo\CORTEX_M4F_STM32F407ZG-SK\Flash
#        Debug\Obj\ParTest.o"
#        "C:\Users\ziqia\Desktop\FreeRTOS\FreeRTOS_STM32F407ZGT6_IAR\Demo\CORTEX_M4F_STM32F407ZG-SK\Flash
#        Debug\Obj\PollQ.o"
#        "C:\Users\ziqia\Desktop\FreeRTOS\FreeRTOS_STM32F407ZGT6_IAR\Demo\CORTEX_M4F_STM32F407ZG-SK\Flash
#        Debug\Obj\port.o"
#        "C:\Users\ziqia\Desktop\FreeRTOS\FreeRTOS_STM32F407ZGT6_IAR\Demo\CORTEX_M4F_STM32F407ZG-SK\Flash
#        Debug\Obj\portasm.o"
#        "C:\Users\ziqia\Desktop\FreeRTOS\FreeRTOS_STM32F407ZGT6_IAR\Demo\CORTEX_M4F_STM32F407ZG-SK\Flash
#        Debug\Obj\queue.o"
#        "C:\Users\ziqia\Desktop\FreeRTOS\FreeRTOS_STM32F407ZGT6_IAR\Demo\CORTEX_M4F_STM32F407ZG-SK\Flash
#        Debug\Obj\recmutex.o"
#        "C:\Users\ziqia\Desktop\FreeRTOS\FreeRTOS_STM32F407ZGT6_IAR\Demo\CORTEX_M4F_STM32F407ZG-SK\Flash
#        Debug\Obj\RegTest.o"
#        "C:\Users\ziqia\Desktop\FreeRTOS\FreeRTOS_STM32F407ZGT6_IAR\Demo\CORTEX_M4F_STM32F407ZG-SK\Flash
#        Debug\Obj\semtest.o"
#        "C:\Users\ziqia\Desktop\FreeRTOS\FreeRTOS_STM32F407ZGT6_IAR\Demo\CORTEX_M4F_STM32F407ZG-SK\Flash
#        Debug\Obj\sp_flop.o"
#        "C:\Users\ziqia\Desktop\FreeRTOS\FreeRTOS_STM32F407ZGT6_IAR\Demo\CORTEX_M4F_STM32F407ZG-SK\Flash
#        Debug\Obj\startup_stm32f4xx.o"
#        "C:\Users\ziqia\Desktop\FreeRTOS\FreeRTOS_STM32F407ZGT6_IAR\Demo\CORTEX_M4F_STM32F407ZG-SK\Flash
#        Debug\Obj\stm32f4xx_exti.o"
#        "C:\Users\ziqia\Desktop\FreeRTOS\FreeRTOS_STM32F407ZGT6_IAR\Demo\CORTEX_M4F_STM32F407ZG-SK\Flash
#        Debug\Obj\stm32f4xx_gpio.o"
#        "C:\Users\ziqia\Desktop\FreeRTOS\FreeRTOS_STM32F407ZGT6_IAR\Demo\CORTEX_M4F_STM32F407ZG-SK\Flash
#        Debug\Obj\stm32f4xx_it.o"
#        "C:\Users\ziqia\Desktop\FreeRTOS\FreeRTOS_STM32F407ZGT6_IAR\Demo\CORTEX_M4F_STM32F407ZG-SK\Flash
#        Debug\Obj\stm32f4xx_rcc.o"
#        "C:\Users\ziqia\Desktop\FreeRTOS\FreeRTOS_STM32F407ZGT6_IAR\Demo\CORTEX_M4F_STM32F407ZG-SK\Flash
#        Debug\Obj\stm32f4xx_syscfg.o"
#        "C:\Users\ziqia\Desktop\FreeRTOS\FreeRTOS_STM32F407ZGT6_IAR\Demo\CORTEX_M4F_STM32F407ZG-SK\Flash
#        Debug\Obj\system_stm32f4xx.o"
#        "C:\Users\ziqia\Desktop\FreeRTOS\FreeRTOS_STM32F407ZGT6_IAR\Demo\CORTEX_M4F_STM32F407ZG-SK\Flash
#        Debug\Obj\tasks.o"
#        "C:\Users\ziqia\Desktop\FreeRTOS\FreeRTOS_STM32F407ZGT6_IAR\Demo\CORTEX_M4F_STM32F407ZG-SK\Flash
#        Debug\Obj\timers.o" --redirect _Printf=_PrintfLarge --redirect
#        _Scanf=_ScanfSmall -o
#        "C:\Users\ziqia\Desktop\FreeRTOS\FreeRTOS_STM32F407ZGT6_IAR\Demo\CORTEX_M4F_STM32F407ZG-SK\Flash
#        Debug\Exe\RTOSDemo.out" --map
#        "C:\Users\ziqia\Desktop\FreeRTOS\FreeRTOS_STM32F407ZGT6_IAR\Demo\CORTEX_M4F_STM32F407ZG-SK\Flash
#        Debug\List\RTOSDemo.map" --config
#        C:\Users\ziqia\Desktop\FreeRTOS\FreeRTOS_STM32F407ZGT6_IAR\Demo\CORTEX_M4F_STM32F407ZG-SK\config\stm32f4xx_flash.icf
#        --semihosting --entry __iar_program_start --redirect
#        __iar_sh_stdout=__iar_sh_stdout_swo --vfe
#
###############################################################################

*******************************************************************************
*** RUNTIME MODEL ATTRIBUTES
***

CppFlavor       = *
__SystemLibrary = DLib


*******************************************************************************
*** PLACEMENT SUMMARY
***

"A0":  place at 0x08000000 { ro section .intvec };
"P1":  place in [from 0x08000000 to 0x080fffff] { ro };
"P2":  place in [from 0x20000000 to 0x2001ffff] { rw, block CSTACK, block HEAP };
initialize by copy { rw };

  Section            Kind        Address     Size  Object
  -------            ----        -------     ----  ------
"A0":                                       0x188
  .intvec            ro code  0x08000000    0x188  startup_stm32f4xx.o [1]
                            - 0x08000188    0x188

"P1":                                      0x5ddc
  .text              ro code  0x08000188   0x1400  tasks.o [1]
  .text              ro code  0x08001588    0x1b4  heap_2.o [1]
  .text              ro code  0x0800173c     0x66  ABImemset.o [5]
  .text              ro code  0x080017a2     0x9e  list.o [1]
  .text              ro code  0x08001840    0x288  port.o [1]
  .text              ro code  0x08001ac8    0x4a8  timers.o [1]
  .text              ro code  0x08001f70    0x3be  main.o [1]
  .rodata            const    0x0800232e      0x2  heap_2.o [1]
  CODE               ro code  0x08002330     0xb0  portasm.o [1]
  .text              ro code  0x080023e0    0xd38  queue.o [1]
  .text              ro code  0x08003118     0x88  flash.o [1]
  .text              ro code  0x080031a0    0x3b4  sp_flop.o [1]
  .text              ro code  0x08003554     0xb4  integer.o [1]
  .text              ro code  0x08003608    0x2bc  dynamic.o [1]
  .text              ro code  0x080038c4    0x250  BlockQ.o [1]
  .text              ro code  0x08003b14    0x528  blocktim.o [1]
  .text              ro code  0x0800403c    0x66c  GenQTest.o [1]
  .text              ro code  0x080046a8    0x2ac  recmutex.o [1]
  .text              ro code  0x08004954    0x134  death.o [1]
  .text              ro code  0x08004a88    0x144  PollQ.o [1]
  .text              ro code  0x08004bcc    0x21c  semtest.o [1]
  .text              ro code  0x08004de8     0x3c  ParTest.o [1]
  .text              ro code  0x08004e24    0x154  system_stm32f4xx.o [1]
  .text              ro code  0x08004f78     0x88  misc.o [1]
  .text              ro code  0x08005000    0x148  iar_stm32f407zg_sk.o [1]
  CODE               ro code  0x08005148    0x3d4  RegTest.o [1]
  .text              ro code  0x0800551c    0x1e0  countsem.o [1]
  .text              ro code  0x080056fc     0xa4  stm32f4xx_exti.o [1]
  .text              ro code  0x080057a0     0x76  ABImemcpy_unaligned.o [5]
  .text              ro code  0x08005818     0x4e  FltToDbl.o [4]
  .text              ro code  0x08005868     0x2e  DblCmpGe.o [4]
  .text              ro code  0x08005898     0x44  stm32f4xx_rcc.o [1]
  .text              ro code  0x080058dc     0xaa  stm32f4xx_gpio.o [1]
  .text              ro code  0x08005988     0x54  stm32f4xx_syscfg.o [1]
  Initializer bytes  const    0x080059dc     0x44  <for P2-1>
  .text              ro code  0x08005a20     0x40  zero_init3.o [5]
  .text              ro code  0x08005a60     0x2c  copy_init3.o [5]
  .text              ro code  0x08005a8c     0x28  data_init.o [5]
  .text              ro code  0x08005ab4     0x22  fpinit_M.o [4]
  .iar.init_table    const    0x08005ad8     0x24  - Linker created -
  .rodata            const    0x08005afc     0x20  iar_stm32f407zg_sk.o [1]
  .text              ro code  0x08005b1c     0x1a  cmain.o [5]
  .text              ro code  0x08005b36      0x4  low_level_init.o [3]
  .text              ro code  0x08005b3a      0x4  exit.o [3]
  .text              ro code  0x08005b40      0xa  cexit.o [5]
  .text              ro code  0x08005b4c     0x14  exit.o [6]
  .rodata            const    0x08005b60     0x18  dynamic.o [1]
  .rodata            const    0x08005b78     0x14  blocktim.o [1]
  .rodata            const    0x08005b8c     0x10  countsem.o [1]
  .rodata            const    0x08005b9c     0x10  countsem.o [1]
  .rodata            const    0x08005bac     0x10  GenQTest.o [1]
  .rodata            const    0x08005bbc     0x10  GenQTest.o [1]
  .rodata            const    0x08005bcc     0x10  iar_stm32f407zg_sk.o [1]
  .rodata            const    0x08005bdc     0x10  iar_stm32f407zg_sk.o [1]
  .rodata            const    0x08005bec     0x10  iar_stm32f407zg_sk.o [1]
  .rodata            const    0x08005bfc     0x10  iar_stm32f407zg_sk.o [1]
  .rodata            const    0x08005c0c     0x10  iar_stm32f407zg_sk.o [1]
  .rodata            const    0x08005c1c     0x10  iar_stm32f407zg_sk.o [1]
  .rodata            const    0x08005c2c     0x10  PollQ.o [1]
  .rodata            const    0x08005c3c     0x10  recmutex.o [1]
  .rodata            const    0x08005c4c     0x10  semtest.o [1]
  .rodata            const    0x08005c5c     0x10  semtest.o [1]
  .text              ro code  0x08005c6c     0x10  startup_stm32f4xx.o [1]
  .rodata            const    0x08005c7c      0xc  main.o [1]
  .text              ro code  0x08005c88      0xc  stm32f4xx_it.o [1]
  .text              ro code  0x08005c94      0xc  cstartup_M.o [5]
  .rodata            const    0x08005ca0      0x8  BlockQ.o [1]
  .rodata            const    0x08005ca8      0x8  BlockQ.o [1]
  .rodata            const    0x08005cb0      0x8  BlockQ.o [1]
  .rodata            const    0x08005cb8      0x8  BlockQ.o [1]
  .rodata            const    0x08005cc0      0x8  BlockQ.o [1]
  .rodata            const    0x08005cc8      0x8  BlockQ.o [1]
  .rodata            const    0x08005cd0      0x8  blocktim.o [1]
  .rodata            const    0x08005cd8      0x8  blocktim.o [1]
  .rodata            const    0x08005ce0      0x8  countsem.o [1]
  .rodata            const    0x08005ce8      0x8  countsem.o [1]
  .rodata            const    0x08005cf0      0x8  death.o [1]
  .rodata            const    0x08005cf8      0x8  death.o [1]
  .rodata            const    0x08005d00      0x8  death.o [1]
  .rodata            const    0x08005d08      0x8  dynamic.o [1]
  .rodata            const    0x08005d10      0x8  dynamic.o [1]
  .rodata            const    0x08005d18      0x8  dynamic.o [1]
  .rodata            const    0x08005d20      0x8  dynamic.o [1]
  .rodata            const    0x08005d28      0x8  dynamic.o [1]
  .rodata            const    0x08005d30      0x8  flash.o [1]
  .rodata            const    0x08005d38      0x8  GenQTest.o [1]
  .rodata            const    0x08005d40      0x8  GenQTest.o [1]
  .rodata            const    0x08005d48      0x8  GenQTest.o [1]
  .rodata            const    0x08005d50      0x8  GenQTest.o [1]
  .rodata            const    0x08005d58      0x8  iar_stm32f407zg_sk.o [1]
  .rodata            const    0x08005d60      0x8  integer.o [1]
  .rodata            const    0x08005d68      0x8  main.o [1]
  .rodata            const    0x08005d70      0x8  main.o [1]
  .rodata            const    0x08005d78      0x8  main.o [1]
  .rodata            const    0x08005d80      0x8  PollQ.o [1]
  .rodata            const    0x08005d88      0x8  PollQ.o [1]
  .rodata            const    0x08005d90      0x8  recmutex.o [1]
  .rodata            const    0x08005d98      0x8  recmutex.o [1]
  .rodata            const    0x08005da0      0x8  recmutex.o [1]
  .rodata            const    0x08005da8      0x8  semtest.o [1]
  .rodata            const    0x08005db0      0x8  semtest.o [1]
  .rodata            const    0x08005db8      0x8  semtest.o [1]
  .rodata            const    0x08005dc0      0x8  semtest.o [1]
  .rodata            const    0x08005dc8      0x8  sp_flop.o [1]
  .rodata            const    0x08005dd0      0x8  sp_flop.o [1]
  .rodata            const    0x08005dd8      0x8  sp_flop.o [1]
  .rodata            const    0x08005de0      0x8  sp_flop.o [1]
  .rodata            const    0x08005de8      0x8  sp_flop.o [1]
  .rodata            const    0x08005df0      0x8  sp_flop.o [1]
  .rodata            const    0x08005df8      0x8  sp_flop.o [1]
  .rodata            const    0x08005e00      0x8  sp_flop.o [1]
  .rodata            const    0x08005e08      0x8  tasks.o [1]
  .rodata            const    0x08005e10      0x8  timers.o [1]
  .rodata            const    0x08005e18      0x8  timers.o [1]
  .rodata            const    0x08005e20      0x4  death.o [1]
  .rodata            const    0x08005e24      0x4  ParTest.o [1]
  .rodata            const    0x08005e28      0x4  port.o [1]
  .text              ro code  0x08005e2c      0x4  startup_stm32f4xx.o [1]
  .text              ro code  0x08005e30      0x4  startup_stm32f4xx.o [1]
  .text              ro code  0x08005e34      0x4  startup_stm32f4xx.o [1]
  .text              ro code  0x08005e38      0x4  startup_stm32f4xx.o [1]
  .text              ro code  0x08005e3c      0x4  startup_stm32f4xx.o [1]
  .text              ro code  0x08005e40      0x4  startup_stm32f4xx.o [1]
  .text              ro code  0x08005e44      0x4  startup_stm32f4xx.o [1]
  .text              ro code  0x08005e48      0x4  startup_stm32f4xx.o [1]
  .text              ro code  0x08005e4c      0x4  startup_stm32f4xx.o [1]
  .text              ro code  0x08005e50      0x4  startup_stm32f4xx.o [1]
  .text              ro code  0x08005e54      0x4  startup_stm32f4xx.o [1]
  .text              ro code  0x08005e58      0x4  startup_stm32f4xx.o [1]
  .text              ro code  0x08005e5c      0x4  startup_stm32f4xx.o [1]
  .text              ro code  0x08005e60      0x4  startup_stm32f4xx.o [1]
  .text              ro code  0x08005e64      0x4  startup_stm32f4xx.o [1]
  .text              ro code  0x08005e68      0x4  startup_stm32f4xx.o [1]
  .text              ro code  0x08005e6c      0x4  startup_stm32f4xx.o [1]
  .text              ro code  0x08005e70      0x4  startup_stm32f4xx.o [1]
  .text              ro code  0x08005e74      0x4  startup_stm32f4xx.o [1]
  .text              ro code  0x08005e78      0x4  startup_stm32f4xx.o [1]
  .text              ro code  0x08005e7c      0x4  startup_stm32f4xx.o [1]
  .text              ro code  0x08005e80      0x4  startup_stm32f4xx.o [1]
  .text              ro code  0x08005e84      0x4  startup_stm32f4xx.o [1]
  .text              ro code  0x08005e88      0x4  startup_stm32f4xx.o [1]
  .text              ro code  0x08005e8c      0x4  startup_stm32f4xx.o [1]
  .text              ro code  0x08005e90      0x4  startup_stm32f4xx.o [1]
  .text              ro code  0x08005e94      0x4  startup_stm32f4xx.o [1]
  .text              ro code  0x08005e98      0x4  startup_stm32f4xx.o [1]
  .text              ro code  0x08005e9c      0x4  startup_stm32f4xx.o [1]
  .text              ro code  0x08005ea0      0x4  startup_stm32f4xx.o [1]
  .text              ro code  0x08005ea4      0x4  startup_stm32f4xx.o [1]
  .text              ro code  0x08005ea8      0x4  startup_stm32f4xx.o [1]
  .text              ro code  0x08005eac      0x4  startup_stm32f4xx.o [1]
  .text              ro code  0x08005eb0      0x4  startup_stm32f4xx.o [1]
  .text              ro code  0x08005eb4      0x4  startup_stm32f4xx.o [1]
  .text              ro code  0x08005eb8      0x4  startup_stm32f4xx.o [1]
  .text              ro code  0x08005ebc      0x4  startup_stm32f4xx.o [1]
  .text              ro code  0x08005ec0      0x4  startup_stm32f4xx.o [1]
  .text              ro code  0x08005ec4      0x4  startup_stm32f4xx.o [1]
  .text              ro code  0x08005ec8      0x4  startup_stm32f4xx.o [1]
  .text              ro code  0x08005ecc      0x4  startup_stm32f4xx.o [1]
  .text              ro code  0x08005ed0      0x4  startup_stm32f4xx.o [1]
  .text              ro code  0x08005ed4      0x4  startup_stm32f4xx.o [1]
  .text              ro code  0x08005ed8      0x4  startup_stm32f4xx.o [1]
  .text              ro code  0x08005edc      0x4  startup_stm32f4xx.o [1]
  .text              ro code  0x08005ee0      0x4  startup_stm32f4xx.o [1]
  .text              ro code  0x08005ee4      0x4  startup_stm32f4xx.o [1]
  .text              ro code  0x08005ee8      0x4  startup_stm32f4xx.o [1]
  .text              ro code  0x08005eec      0x4  startup_stm32f4xx.o [1]
  .text              ro code  0x08005ef0      0x4  startup_stm32f4xx.o [1]
  .text              ro code  0x08005ef4      0x4  startup_stm32f4xx.o [1]
  .text              ro code  0x08005ef8      0x4  startup_stm32f4xx.o [1]
  .text              ro code  0x08005efc      0x4  startup_stm32f4xx.o [1]
  .text              ro code  0x08005f00      0x4  startup_stm32f4xx.o [1]
  .text              ro code  0x08005f04      0x4  startup_stm32f4xx.o [1]
  .text              ro code  0x08005f08      0x4  startup_stm32f4xx.o [1]
  .text              ro code  0x08005f0c      0x4  startup_stm32f4xx.o [1]
  .text              ro code  0x08005f10      0x4  startup_stm32f4xx.o [1]
  .text              ro code  0x08005f14      0x4  startup_stm32f4xx.o [1]
  .text              ro code  0x08005f18      0x4  startup_stm32f4xx.o [1]
  .text              ro code  0x08005f1c      0x4  startup_stm32f4xx.o [1]
  .text              ro code  0x08005f20      0x4  startup_stm32f4xx.o [1]
  .text              ro code  0x08005f24      0x4  startup_stm32f4xx.o [1]
  .text              ro code  0x08005f28      0x4  startup_stm32f4xx.o [1]
  .text              ro code  0x08005f2c      0x4  startup_stm32f4xx.o [1]
  .text              ro code  0x08005f30      0x4  startup_stm32f4xx.o [1]
  .text              ro code  0x08005f34      0x4  startup_stm32f4xx.o [1]
  .text              ro code  0x08005f38      0x4  startup_stm32f4xx.o [1]
  .text              ro code  0x08005f3c      0x4  startup_stm32f4xx.o [1]
  .text              ro code  0x08005f40      0x4  startup_stm32f4xx.o [1]
  .text              ro code  0x08005f44      0x4  startup_stm32f4xx.o [1]
  .text              ro code  0x08005f48      0x4  startup_stm32f4xx.o [1]
  .text              ro code  0x08005f4c      0x4  startup_stm32f4xx.o [1]
  .text              ro code  0x08005f50      0x4  startup_stm32f4xx.o [1]
  .text              ro code  0x08005f54      0x4  startup_stm32f4xx.o [1]
  .text              ro code  0x08005f58      0x4  startup_stm32f4xx.o [1]
  .text              ro code  0x08005f5c      0x4  startup_stm32f4xx.o [1]
  .text              ro code  0x08005f60      0x4  startup_stm32f4xx.o [1]
  .rodata            const    0x08005f64      0x0  zero_init3.o [5]
  .rodata            const    0x08005f64      0x0  copy_init3.o [5]
                            - 0x08005f64   0x5ddc

"P2", part 1 of 3:                           0x44
  P2-1                        0x20000000     0x42  <Init block>
    .data            inited   0x20000000      0x4  heap_2.o [1]
    .data            inited   0x20000004     0x10  iar_stm32f407zg_sk.o [1]
    .data            inited   0x20000014     0x20  iar_stm32f407zg_sk.o [1]
    .data            inited   0x20000034      0x4  port.o [1]
    .data            inited   0x20000038      0x4  system_stm32f4xx.o [1]
    .data            inited   0x2000003c      0x4  tasks.o [1]
    .data            inited   0x20000040      0x2  death.o [1]
                            - 0x20000042     0x42

"P2", part 2 of 3:                          0x400
  CSTACK                      0x20000048    0x400  <Block>
    CSTACK           uninit   0x20000048    0x400  <Block tail>
                            - 0x20000448    0x400

"P2", part 3 of 3:                        0x12eec
  .bss               zero     0x20000448  0x12c00  heap_2.o [1]
  .bss               zero     0x20013048     0x64  tasks.o [1]
  .bss               zero     0x200130ac     0x40  queue.o [1]
  .bss               zero     0x200130ec     0x18  countsem.o [1]
  .bss               zero     0x20013104     0x14  tasks.o [1]
  .bss               zero     0x20013118     0x14  tasks.o [1]
  .bss               zero     0x2001312c     0x14  tasks.o [1]
  .bss               zero     0x20013140     0x14  tasks.o [1]
  .bss               zero     0x20013154     0x14  tasks.o [1]
  .bss               zero     0x20013168     0x14  timers.o [1]
  .bss               zero     0x2001317c     0x14  timers.o [1]
  .bss               zero     0x20013190     0x10  sp_flop.o [1]
  .bss               zero     0x200131a0     0x10  sp_flop.o [1]
  .bss               zero     0x200131b0      0x8  BlockQ.o [1]
  .bss               zero     0x200131b8      0x8  BlockQ.o [1]
  .bss               zero     0x200131c0      0x8  BlockQ.o [1]
  .bss               zero     0x200131c8      0x8  BlockQ.o [1]
  .bss               zero     0x200131d0      0x8  heap_2.o [1]
  .bss               zero     0x200131d8      0x8  heap_2.o [1]
  .bss               zero     0x200131e0      0x8  semtest.o [1]
  .bss               zero     0x200131e8      0x8  semtest.o [1]
  .bss               zero     0x200131f0      0x4  blocktim.o [1]
  .bss               zero     0x200131f4      0x4  blocktim.o [1]
  .bss               zero     0x200131f8      0x4  blocktim.o [1]
  .bss               zero     0x200131fc      0x4  blocktim.o [1]
  .bss               zero     0x20013200      0x4  blocktim.o [1]
  .bss               zero     0x20013204      0x4  blocktim.o [1]
  .bss               zero     0x20013208      0x4  blocktim.o [1]
  .bss               zero     0x2001320c      0x4  blocktim.o [1]
  .bss               zero     0x20013210      0x4  countsem.o [1]
  .bss               zero     0x20013214      0x4  death.o [1]
  .bss               zero     0x20013218      0x4  death.o [1]
  .bss               zero     0x2001321c      0x4  death.o [1]
  .bss               zero     0x20013220      0x4  dynamic.o [1]
  .bss               zero     0x20013224      0x4  dynamic.o [1]
  .bss               zero     0x20013228      0x4  dynamic.o [1]
  .bss               zero     0x2001322c      0x4  dynamic.o [1]
  .bss               zero     0x20013230      0x4  dynamic.o [1]
  .bss               zero     0x20013234      0x4  dynamic.o [1]
  .bss               zero     0x20013238      0x4  dynamic.o [1]
  .bss               zero     0x2001323c      0x4  dynamic.o [1]
  .bss               zero     0x20013240      0x4  dynamic.o [1]
  .bss               zero     0x20013244      0x4  flash.o [1]
  .bss               zero     0x20013248      0x4  GenQTest.o [1]
  .bss               zero     0x2001324c      0x4  GenQTest.o [1]
  .bss               zero     0x20013250      0x4  GenQTest.o [1]
  .bss               zero     0x20013254      0x4  GenQTest.o [1]
  .bss               zero     0x20013258      0x4  GenQTest.o [1]
  .bss               zero     0x2001325c      0x4  GenQTest.o [1]
  .bss               zero     0x20013260      0x4  GenQTest.o [1]
  .bss               zero     0x20013264      0x4  GenQTest.o [1]
  .bss               zero     0x20013268      0x4  GenQTest.o [1]
  .bss               zero     0x2001326c      0x4  heap_2.o [1]
  .bss               zero     0x20013270      0x4  integer.o [1]
  .bss               zero     0x20013274      0x4  main.o [1]
  .bss               zero     0x20013278      0x4  main.o [1]
  .bss               zero     0x2001327c      0x4  main.o [1]
  .bss               zero     0x20013280      0x4  main.o [1]
  .bss               zero     0x20013284      0x4  main.o [1]
  .bss               zero     0x20013288      0x4  main.o [1]
  .bss               zero     0x2001328c      0x4  main.o [1]
  .bss               zero     0x20013290      0x4  main.o [1]
  .bss               zero     0x20013294      0x4  main.o [1]
  .bss               zero     0x20013298      0x4  PollQ.o [1]
  .bss               zero     0x2001329c      0x4  PollQ.o [1]
  .bss               zero     0x200132a0      0x4  PollQ.o [1]
  .bss               zero     0x200132a4      0x4  port.o [1]
  .bss               zero     0x200132a8      0x4  recmutex.o [1]
  .bss               zero     0x200132ac      0x4  recmutex.o [1]
  .bss               zero     0x200132b0      0x4  recmutex.o [1]
  .bss               zero     0x200132b4      0x4  recmutex.o [1]
  .bss               zero     0x200132b8      0x4  recmutex.o [1]
  .bss               zero     0x200132bc      0x4  recmutex.o [1]
  .bss               zero     0x200132c0      0x4  recmutex.o [1]
  .bss               zero     0x200132c4      0x4  recmutex.o [1]
  .bss               zero     0x200132c8      0x4  recmutex.o [1]
  .bss               zero     0x200132cc      0x4  recmutex.o [1]
  .bss               zero     0x200132d0      0x4  recmutex.o [1]
  .bss               zero     0x200132d4      0x4  recmutex.o [1]
  .bss               zero     0x200132d8      0x4  tasks.o [1]
  .bss               zero     0x200132dc      0x4  tasks.o [1]
  .bss               zero     0x200132e0      0x4  tasks.o [1]
  .bss               zero     0x200132e4      0x4  tasks.o [1]
  .bss               zero     0x200132e8      0x4  tasks.o [1]
  .bss               zero     0x200132ec      0x4  tasks.o [1]
  .bss               zero     0x200132f0      0x4  tasks.o [1]
  .bss               zero     0x200132f4      0x4  tasks.o [1]
  .bss               zero     0x200132f8      0x4  tasks.o [1]
  .bss               zero     0x200132fc      0x4  tasks.o [1]
  .bss               zero     0x20013300      0x4  tasks.o [1]
  .bss               zero     0x20013304      0x4  tasks.o [1]
  .bss               zero     0x20013308      0x4  tasks.o [1]
  .bss               zero     0x2001330c      0x4  tasks.o [1]
  .bss               zero     0x20013310      0x4  tasks.o [1]
  .bss               zero     0x20013314      0x4  timers.o [1]
  .bss               zero     0x20013318      0x4  timers.o [1]
  .bss               zero     0x2001331c      0x4  timers.o [1]
  .bss               zero     0x20013320      0x4  timers.o [1]
  .bss               zero     0x20013324      0x4  timers.o [1]
  .bss               zero     0x20013328      0x2  death.o [1]
  .bss               zero     0x2001332a      0x2  dynamic.o [1]
  .bss               zero     0x2001332c      0x2  dynamic.o [1]
  .bss               zero     0x2001332e      0x2  semtest.o [1]
  .bss               zero     0x20013330      0x1  port.o [1]
                            - 0x20013331  0x12ee9


*******************************************************************************
*** INIT TABLE
***

          Address     Size
          -------     ----
Zero (__iar_zero_init3)
    1 destination range, total size 0x12ee9:
          0x20000448  0x12ee9

Copy (__iar_copy_init3)
    1 source range, total size 0x44 (103% of destination):
          0x080059dc     0x44
    1 destination range, total size 0x42:
          0x20000000     0x42



*******************************************************************************
*** MODULE SUMMARY
***

    Module                 ro code  ro data  rw data
    ------                 -------  -------  -------
C:\Users\ziqia\Desktop\FreeRTOS\FreeRTOS_STM32F407ZGT6_IAR\Demo\CORTEX_M4F_STM32F407ZG-SK\Flash Debug\Obj: [1]
    BlockQ.o                   592       48       32
    GenQTest.o               1 644       64       36
    ParTest.o                   60        4
    PollQ.o                    324       32       12
    RegTest.o                  980
    blocktim.o               1 320       36       32
    countsem.o                 480       48       28
    death.o                    308       30       16
    dynamic.o                  700       64       40
    flash.o                    136        8        4
    heap_2.o                   436        6   76 824
    iar_stm32f407zg_sk.o       328      184       48
    integer.o                  180        8        4
    list.o                     158
    main.o                     958       36       36
    misc.o                     136
    port.o                     648        8        9
    portasm.o                  176
    queue.o                  3 384                64
    recmutex.o                 684       40       48
    semtest.o                  540       64       18
    sp_flop.o                  948       64       32
    startup_stm32f4xx.o        720
    stm32f4xx_exti.o           164
    stm32f4xx_gpio.o           170
    stm32f4xx_it.o              12
    stm32f4xx_rcc.o             68
    stm32f4xx_syscfg.o          84
    system_stm32f4xx.o         340        4        4
    tasks.o                  5 120       12      264
    timers.o                 1 192       16       60
    ------------------------------------------------
    Total:                  22 990      776   77 611

command line: [2]
    ------------------------------------------------
    Total:

dl7M_tlf.a: [3]
    exit.o                       4
    low_level_init.o             4
    ------------------------------------------------
    Total:                       8

m7M_tls.a: [4]
    DblCmpGe.o                  46
    FltToDbl.o                  78
    fpinit_M.o                  34
    ------------------------------------------------
    Total:                     158

rt7M_tl.a: [5]
    ABImemcpy_unaligned.o      118
    ABImemset.o                102
    cexit.o                     10
    cmain.o                     26
    copy_init3.o                44
    cstartup_M.o                12
    data_init.o                 40
    zero_init3.o                64
    ------------------------------------------------
    Total:                     416

shb_l.a: [6]
    exit.o                      20
    ------------------------------------------------
    Total:                      20

    Gaps                        12        2
    Linker created                       38    1 024
----------------------------------------------------
    Grand Total:            23 604      816   78 635


*******************************************************************************
*** ENTRY LIST
***

Entry                      Address     Size  Type      Object
-----                      -------     ----  ----      ------
.iar.init_table$$Base   0x08005ad8            --   Gb  - Linker created -
.iar.init_table$$Limit  0x08005afc            --   Gb  - Linker created -
?main                   0x08005b1d           Code  Gb  cmain.o [5]
BUTTON_CLK              0x08005afc     0x20  Data  Gb  iar_stm32f407zg_sk.o [1]
BUTTON_EXTI_LINE        0x08005bec     0x10  Data  Gb  iar_stm32f407zg_sk.o [1]
BUTTON_IRQn             0x08005c1c     0x10  Data  Gb  iar_stm32f407zg_sk.o [1]
BUTTON_PIN              0x08005bdc     0x10  Data  Gb  iar_stm32f407zg_sk.o [1]
BUTTON_PIN_SOURCE       0x08005c0c     0x10  Data  Gb  iar_stm32f407zg_sk.o [1]
BUTTON_PORT             0x20000014     0x20  Data  Gb  iar_stm32f407zg_sk.o [1]
BUTTON_PORT_SOURCE      0x08005bfc     0x10  Data  Gb  iar_stm32f407zg_sk.o [1]
BusFault_Handler        0x08005c8f      0x2  Code  Gb  stm32f4xx_it.o [1]
CSTACK$$Base            0x20000048            --   Gb  - Linker created -
CSTACK$$Limit           0x20000448            --   Gb  - Linker created -
DebugMon_Handler        0x08005c93      0x2  Code  Gb  stm32f4xx_it.o [1]
EXTI9_5_IRQHandler      0x08002291     0x2e  Code  Gb  main.o [1]
EXTI_ClearITPendingBit  0x08005785      0x6  Code  Gb  stm32f4xx_exti.o [1]
EXTI_Init               0x080056fd     0x88  Code  Gb  stm32f4xx_exti.o [1]
GPIO_CLK                0x08005bcc     0x10  Data  Gb  iar_stm32f407zg_sk.o [1]
GPIO_Init               0x080058dd     0xaa  Code  Gb  stm32f4xx_gpio.o [1]
GPIO_PIN                0x08005d58      0x8  Data  Gb  iar_stm32f407zg_sk.o [1]
GPIO_PORT               0x20000004     0x10  Data  Gb  iar_stm32f407zg_sk.o [1]
HardFault_Handler       0x08005c8b      0x2  Code  Gb  stm32f4xx_it.o [1]
MemManage_Handler       0x08005c8d      0x2  Code  Gb  stm32f4xx_it.o [1]
NMI_Handler             0x08005c89      0x2  Code  Gb  stm32f4xx_it.o [1]
NVIC_Init               0x08004f83     0x6a  Code  Gb  misc.o [1]
NVIC_PriorityGroupConfig
                        0x08004f79      0xa  Code  Gb  misc.o [1]
PendSV_Handler          0x08002331           Code  Gb  portasm.o [1]
RCC_AHB1PeriphClockCmd  0x08005899     0x1e  Code  Gb  stm32f4xx_rcc.o [1]
RCC_APB2PeriphClockCmd  0x080058b7     0x1e  Code  Gb  stm32f4xx_rcc.o [1]
Region$$Table$$Base     0x08005ad8            --   Gb  - Linker created -
Region$$Table$$Limit    0x08005afc            --   Gb  - Linker created -
STM_EVAL_LEDInit        0x08005001     0x44  Code  Gb  iar_stm32f407zg_sk.o [1]
STM_EVAL_LEDToggle      0x08005045     0x20  Code  Gb  iar_stm32f407zg_sk.o [1]
STM_EVAL_PBInit         0x08005065     0xba  Code  Gb  iar_stm32f407zg_sk.o [1]
SVC_Handler             0x08002389           Code  Gb  portasm.o [1]
SYSCFG_EXTILineConfig   0x08005989     0x50  Code  Gb  stm32f4xx_syscfg.o [1]
SetSysClock             0x08004e77     0xce  Code  Lc  system_stm32f4xx.o [1]
SysTick_Handler         0x080019e7     0x28  Code  Gb  port.o [1]
SystemCoreClock         0x20000038      0x4  Data  Gb  system_stm32f4xx.o [1]
SystemInit              0x08004e25     0x52  Code  Gb  system_stm32f4xx.o [1]
TIM2_IRQHandler         0x08002183     0x3e  Code  Gb  main.o [1]
TIM3_IRQHandler         0x08002151     0x32  Code  Gb  main.o [1]
UsageFault_Handler      0x08005c91      0x2  Code  Gb  stm32f4xx_it.o [1]
__NVIC_SetPendingIRQ    0x08001f71     0x1a  Code  Lc  main.o [1]
__aeabi_cdrcmple        0x08005869           Code  Gb  DblCmpGe.o [4]
__aeabi_f2d             0x08005819           Code  Gb  FltToDbl.o [4]
__aeabi_memset          0x0800173d           Code  Gb  ABImemset.o [5]
__cmain                 0x08005b1d           Code  Gb  cmain.o [5]
__exit                  0x08005b4d     0x14  Code  Gb  exit.o [6]
__iar_Memset            0x0800173d           Code  Gb  ABImemset.o [5]
__iar_Memset_word       0x08001745           Code  Gb  ABImemset.o [5]
__iar_copy_init3        0x08005a61     0x2c  Code  Gb  copy_init3.o [5]
__iar_data_init3        0x08005a8d     0x28  Code  Gb  data_init.o [5]
__iar_init_vfp          0x08005ab5           Code  Gb  fpinit_M.o [4]
__iar_program_start     0x08005c95           Code  Gb  cstartup_M.o [5]
__iar_unaligned___aeabi_memcpy
                        0x080057a1           Code  Gb  ABImemcpy_unaligned.o [5]
__iar_unaligned___aeabi_memcpy4
                        0x080057c1           Code  Gb  ABImemcpy_unaligned.o [5]
__iar_unaligned___aeabi_memcpy8
                        0x080057c1           Code  Gb  ABImemcpy_unaligned.o [5]
__iar_zero_init3        0x08005a21     0x40  Code  Gb  zero_init3.o [5]
__low_level_init        0x08005b37      0x4  Code  Gb  low_level_init.o [3]
__vector_table          0x08000000           Data  Gb  startup_stm32f4xx.o [1]
_call_main              0x08005b29           Code  Gb  cmain.o [5]
_exit                   0x08005b41           Code  Gb  cexit.o [5]
_main                   0x08005b33           Code  Gb  cmain.o [5]
exit                    0x08005b3b      0x4  Code  Gb  exit.o [3]
heapSTRUCT_SIZE         0x0800232e      0x2  Data  Lc  heap_2.o [1]
main                    0x08001f8b     0x16  Code  Gb  main.o [1]
pcInterruptPriorityRegisters
                        0x08005e28      0x4  Data  Lc  port.o [1]
prvAddCurrentTaskToDelayedList
                        0x080014ad     0xae  Code  Lc  tasks.o [1]
prvAddNewTaskToReadyList
                        0x080002f5     0xf6  Code  Lc  tasks.o [1]
prvBasicDelayTests      0x08003ec1    0x10e  Code  Lc  blocktim.o [1]
prvButtonTestTask       0x08002079     0x3e  Code  Lc  main.o [1]
prvCheckForValidListAndQueue
                        0x08001efd     0x4c  Code  Lc  timers.o [1]
prvCheckTasksWaitingTermination
                        0x080010d5     0x4a  Code  Lc  tasks.o [1]
prvCheckTimerCallback   0x08001fa1     0xd8  Code  Lc  main.o [1]
prvCheckTimerCallback::lChangedTimerPeriodAlready
                        0x2001328c      0x4  Data  Lc  main.o [1]
prvCheckTimerCallback::ulLastRegTest1Value
                        0x20013290      0x4  Data  Lc  main.o [1]
prvCheckTimerCallback::ulLastRegTest2Value
                        0x20013294      0x4  Data  Lc  main.o [1]
prvCopyDataFromQueue    0x08002f89     0x30  Code  Lc  queue.o [1]
prvCopyDataToQueue      0x08002eeb     0x9e  Code  Lc  queue.o [1]
prvCountingSemaphoreTask
                        0x080056a1     0x3e  Code  Lc  countsem.o [1]
prvDecrementSemaphoreCount
                        0x080055a3     0x8c  Code  Lc  countsem.o [1]
prvDeleteTCB            0x08001139     0x12  Code  Lc  tasks.o [1]
prvGetDisinheritPriorityAfterTimeout
                        0x08002ed1     0x1a  Code  Lc  queue.o [1]
prvGetNextExpireTime    0x08001d1b     0x2c  Code  Lc  timers.o [1]
prvHeapInit             0x080016f7     0x2a  Code  Lc  heap_2.o [1]
prvHighPriorityMutexTask
                        0x080045dd     0x4a  Code  Lc  GenQTest.o [1]
prvIdleTask             0x08001051     0x2a  Code  Lc  tasks.o [1]
prvIncrementSemaphoreCount
                        0x0800562f     0x72  Code  Lc  countsem.o [1]
prvInitialiseMutex      0x0800254d     0x22  Code  Lc  queue.o [1]
prvInitialiseNewQueue   0x08002517     0x36  Code  Lc  queue.o [1]
prvInitialiseNewTask    0x08000213     0xe2  Code  Lc  tasks.o [1]
prvInitialiseNewTimer   0x08001b51     0x58  Code  Lc  timers.o [1]
prvInitialiseTaskLists  0x0800107b     0x5a  Code  Lc  tasks.o [1]
prvInsertTimerInActiveList
                        0x08001d6f     0x50  Code  Lc  timers.o [1]
prvIsQueueEmpty         0x08003027     0x20  Code  Lc  queue.o [1]
prvIsQueueFull          0x08003047     0x22  Code  Lc  queue.o [1]
prvLowPriorityMutexTask
                        0x0800457d     0x48  Code  Lc  GenQTest.o [1]
prvMediumPriorityMutexTask
                        0x080045c5     0x16  Code  Lc  GenQTest.o [1]
prvOptionallyCreateComprehensveTestApplication
                        0x080021c1     0xd0  Code  Lc  main.o [1]
prvProcessExpiredTimer  0x08001c55     0x3c  Code  Lc  timers.o [1]
prvProcessReceivedCommands
                        0x08001dbf    0x108  Code  Lc  timers.o [1]
prvProcessTimerOrBlockTask
                        0x08001cab     0x70  Code  Lc  timers.o [1]
prvRecursiveMutexBlockingTask
                        0x0800479d     0x70  Code  Lc  recmutex.o [1]
prvRecursiveMutexControllingTask
                        0x0800470d     0x90  Code  Lc  recmutex.o [1]
prvRecursiveMutexPollingTask
                        0x0800480d     0xa0  Code  Lc  recmutex.o [1]
prvReloadTimer          0x08001c2d     0x28  Code  Lc  timers.o [1]
prvResetNextTaskUnblockTime
                        0x0800114b     0x2a  Code  Lc  tasks.o [1]
prvSampleTimeNow        0x08001d47     0x28  Code  Lc  timers.o [1]
prvSampleTimeNow::xLastTime
                        0x20013324      0x4  Data  Lc  timers.o [1]
prvSemaphoreTest        0x08004cb9     0xd6  Code  Lc  semtest.o [1]
prvSendFrontAndBackTest
                        0x080040d5    0x2d8  Code  Lc  GenQTest.o [1]
prvSetupHardware        0x080020b7     0x1c  Code  Lc  main.o [1]
prvSetupNestedFPUInterruptsTest
                        0x08002111     0x40  Code  Lc  main.o [1]
prvSwitchTimerLists     0x08001ec7     0x36  Code  Lc  timers.o [1]
prvTakeTwoMutexesReturnInDifferentOrder
                        0x080043ad     0xf8  Code  Lc  GenQTest.o [1]
prvTakeTwoMutexesReturnInSameOrder
                        0x080044a5     0xd8  Code  Lc  GenQTest.o [1]
prvTaskExitError        0x08001869     0x2a  Code  Lc  port.o [1]
prvTaskIsTaskSuspended  0x08000835     0x3e  Code  Lc  tasks.o [1]
prvTimerTask            0x08001c91     0x1a  Code  Lc  timers.o [1]
prvUnlockQueue          0x08002fb9     0x6e  Code  Lc  queue.o [1]
pvPortMalloc            0x08001589     0xea  Code  Gb  heap_2.o [1]
pvPortMalloc::xHeapHasBeenInitialised
                        0x2001326c      0x4  Data  Lc  heap_2.o [1]
pvTaskIncrementMutexHeldCount
                        0x0800145b     0x1e  Code  Gb  tasks.o [1]
pxCurrentTCB            0x200132d8      0x4  Data  Gb  tasks.o [1]
pxCurrentTimerList      0x20013314      0x4  Data  Lc  timers.o [1]
pxDelayedTaskList       0x200132dc      0x4  Data  Lc  tasks.o [1]
pxOverflowDelayedTaskList
                        0x200132e0      0x4  Data  Lc  tasks.o [1]
pxOverflowTimerList     0x20013318      0x4  Data  Lc  timers.o [1]
pxPortInitialiseStack   0x08001841     0x28  Code  Gb  port.o [1]
pxReadyTasksLists       0x20013048     0x64  Data  Lc  tasks.o [1]
sBlockingConsumerCount  0x200131b0      0x8  Data  Lc  BlockQ.o [1]
sBlockingProducerCount  0x200131b8      0x8  Data  Lc  BlockQ.o [1]
sCheckVariables         0x200131e0      0x8  Data  Lc  semtest.o [1]
sNextCheckVariable      0x2001332e      0x2  Data  Lc  semtest.o [1]
ucHeap                  0x20000448  0x12c00  Data  Lc  heap_2.o [1]
ucMaxSysCallPriority    0x20013330      0x1  Data  Lc  port.o [1]
ulButtonPressCounts     0x20013288      0x4  Data  Gb  main.o [1]
ulCounter               0x20013228      0x4  Data  Lc  dynamic.o [1]
ulExpectedValue         0x20013238      0x4  Data  Lc  dynamic.o [1]
ulFPUInterruptNesting   0x2001327c      0x4  Data  Gb  main.o [1]
ulGuardedVariable       0x20013254      0x4  Data  Lc  GenQTest.o [1]
ulLoopCounter           0x2001324c      0x4  Data  Lc  GenQTest.o [1]
ulLoopCounter2          0x20013250      0x4  Data  Lc  GenQTest.o [1]
ulMaxFPUInterruptNesting
                        0x20013280      0x4  Data  Gb  main.o [1]
ulMaxPRIGROUPValue      0x200132a4      0x4  Data  Lc  port.o [1]
ulRegTest1LoopCounter   0x20013274      0x4  Data  Gb  main.o [1]
ulRegTest2LoopCounter   0x20013278      0x4  Data  Gb  main.o [1]
ulRegTestCheckFlopRegistersContainParameterValue
                        0x08005487           Code  Gb  RegTest.o [1]
usCheckVariable         0x2001332a      0x2  Data  Lc  dynamic.o [1]
usCreationCount         0x20013328      0x2  Data  Lc  death.o [1]
usTaskCheck             0x20013190     0x10  Data  Lc  sp_flop.o [1]
uxBlockingCycles        0x200132bc      0x4  Data  Lc  recmutex.o [1]
uxControllingCycles     0x200132b8      0x4  Data  Lc  recmutex.o [1]
uxCriticalNesting       0x20000034      0x4  Data  Lc  port.o [1]
uxCurrentNumberOfTasks  0x200132e8      0x4  Data  Lc  tasks.o [1]
uxDeletedTasksWaitingCleanUp
                        0x200132e4      0x4  Data  Lc  tasks.o [1]
uxFlashTaskNumber       0x20013244      0x4  Data  Lc  flash.o [1]
uxListRemove            0x08001819     0x28  Code  Gb  list.o [1]
uxMaxNumberOfExtraTasksRunning
                        0x08005e20      0x4  Data  Lc  death.o [1]
uxPollingCycles         0x200132c0      0x4  Data  Lc  recmutex.o [1]
uxQueueMessagesWaiting  0x08002ea9     0x28  Code  Gb  queue.o [1]
uxSchedulerSuspended    0x20013310      0x4  Data  Lc  tasks.o [1]
uxTaskGetNumberOfTasks  0x08000b29      0x6  Code  Gb  tasks.o [1]
uxTaskNumber            0x20013304      0x4  Data  Lc  tasks.o [1]
uxTaskPriorityGet       0x080005dd     0x22  Code  Gb  tasks.o [1]
uxTasksRunningAtStart   0x20013214      0x4  Data  Lc  death.o [1]
uxTopReadyPriority      0x200132f0      0x4  Data  Lc  tasks.o [1]
uxTopUsedPriority       0x2000003c      0x4  Data  Gb  tasks.o [1]
vApplicationIdleHook    0x0800231d      0x2  Code  Gb  main.o [1]
vApplicationMallocFailedHook
                        0x0800230d     0x10  Code  Gb  main.o [1]
vApplicationStackOverflowHook
                        0x0800231f     0x10  Code  Gb  main.o [1]
vApplicationTickHook    0x080020d3     0x3e  Code  Gb  main.o [1]
vBlockingQueueConsumer  0x08003a49     0x44  Code  Lc  BlockQ.o [1]
vBlockingQueueProducer  0x08003a05     0x42  Code  Lc  BlockQ.o [1]
vCompeteingIntMathTask  0x08003585     0x4c  Code  Lc  integer.o [1]
vCompetingMathTask1     0x08003249     0x86  Code  Lc  sp_flop.o [1]
vCompetingMathTask2     0x080032d1     0x86  Code  Lc  sp_flop.o [1]
vCompetingMathTask3     0x08003359     0xb4  Code  Lc  sp_flop.o [1]
vCompetingMathTask4     0x0800340d     0xb0  Code  Lc  sp_flop.o [1]
vContinuousIncrementTask
                        0x080036bd     0x5a  Code  Lc  dynamic.o [1]
vCounterControlTask     0x08003719     0x8e  Code  Lc  dynamic.o [1]
vCreateBlockTimeTasks   0x08003b15     0x60  Code  Gb  blocktim.o [1]
vCreateSuicidalTasks    0x08004955     0x1a  Code  Gb  death.o [1]
vCreateTasks            0x080049b5     0x5a  Code  Lc  death.o [1]
vLEDFlashTask           0x08003141     0x58  Code  Lc  flash.o [1]
vLimitedIncrementTask   0x0800369d     0x20  Code  Lc  dynamic.o [1]
vListInitialise         0x080017a3     0x1e  Code  Gb  list.o [1]
vListInitialiseItem     0x080017c1      0x6  Code  Gb  list.o [1]
vListInsert             0x080017df     0x3a  Code  Gb  list.o [1]
vListInsertEnd          0x080017c7     0x18  Code  Gb  list.o [1]
vParTestInitialise      0x08004de9     0x1c  Code  Gb  ParTest.o [1]
vParTestToggleLED       0x08004e05     0x1a  Code  Gb  ParTest.o [1]
vPolledQueueConsumer    0x08004b31     0x5c  Code  Lc  PollQ.o [1]
vPolledQueueProducer    0x08004ad9     0x58  Code  Lc  PollQ.o [1]
vPortEnableVFP          0x080023c5           Code  Gb  portasm.o [1]
vPortEnterCritical      0x0800197b     0x3a  Code  Gb  port.o [1]
vPortExitCritical       0x080019b5     0x32  Code  Gb  port.o [1]
vPortFree               0x08001673     0x84  Code  Gb  heap_2.o [1]
vPortSetupTimerInterrupt
                        0x08001a91     0x38  Code  Wk  port.o [1]
vPortStartFirstTask     0x080023a5           Code  Gb  portasm.o [1]
vPortValidateInterruptPriority
                        0x08001a11     0x50  Code  Gb  port.o [1]
vPrimaryBlockTimeTestTask
                        0x08003b75    0x29e  Code  Lc  blocktim.o [1]
vQueueAddToRegistry     0x08003069     0x60  Code  Gb  queue.o [1]
vQueueReceiveWhenSuspendedTask
                        0x080037e1     0x54  Code  Lc  dynamic.o [1]
vQueueSendWhenSuspendedTask
                        0x080037a9     0x36  Code  Lc  dynamic.o [1]
vQueueSendWhenSuspendedTask::ulValueToSend
                        0x2001323c      0x4  Data  Lc  dynamic.o [1]
vQueueWaitForMessageRestricted
                        0x080030cd     0x4c  Code  Gb  queue.o [1]
vRegTest1Task           0x08005149           Code  Gb  RegTest.o [1]
vRegTest2Task           0x080052d3           Code  Gb  RegTest.o [1]
vRegTestClearFlopRegistersToParameterValue
                        0x08005465           Code  Gb  RegTest.o [1]
vSecondaryBlockTimeTestTask
                        0x08003e15     0xac  Code  Lc  blocktim.o [1]
vStartBlockingQueueTasks
                        0x080038c5    0x140  Code  Gb  BlockQ.o [1]
vStartCountingSemaphoreTasks
                        0x0800551d     0x86  Code  Gb  countsem.o [1]
vStartDynamicPriorityTasks
                        0x08003609     0x94  Code  Gb  dynamic.o [1]
vStartGenericQueueTasks
                        0x0800403d     0x98  Code  Gb  GenQTest.o [1]
vStartIntegerMathTasks  0x08003555     0x30  Code  Gb  integer.o [1]
vStartLEDFlashTasks     0x08003119     0x28  Code  Gb  flash.o [1]
vStartMathTasks         0x080031a1     0xa6  Code  Gb  sp_flop.o [1]
vStartPolledQueueTasks  0x08004a89     0x4e  Code  Gb  PollQ.o [1]
vStartPolledQueueTasks::xPolledQueue
                        0x200132a0      0x4  Data  Lc  PollQ.o [1]
vStartRecursiveMutexTasks
                        0x080046a9     0x64  Code  Gb  recmutex.o [1]
vStartSemaphoreTasks    0x08004bcd     0xec  Code  Gb  semtest.o [1]
vSuicidalTask           0x0800496f     0x44  Code  Lc  death.o [1]
vTaskDelay              0x0800058f     0x4e  Code  Gb  tasks.o [1]
vTaskDelete             0x080003eb     0xec  Code  Gb  tasks.o [1]
vTaskInternalSetTimeOutState
                        0x08000f9b     0x12  Code  Gb  tasks.o [1]
vTaskMissedYield        0x08001049      0x8  Code  Gb  tasks.o [1]
vTaskPlaceOnEventList   0x08000dbf     0x34  Code  Gb  tasks.o [1]
vTaskPlaceOnEventListRestricted
                        0x08000dfd     0x6a  Code  Gb  tasks.o [1]
vTaskPriorityDisinheritAfterTimeout
                        0x08001361     0xfa  Code  Gb  tasks.o [1]
vTaskPrioritySet        0x080005ff    0x13c  Code  Gb  tasks.o [1]
vTaskResume             0x08000873     0xbe  Code  Gb  tasks.o [1]
vTaskStartScheduler     0x08000931     0x76  Code  Gb  tasks.o [1]
vTaskSuspend            0x0800073b     0xfa  Code  Gb  tasks.o [1]
vTaskSuspendAll         0x080009a7     0x10  Code  Gb  tasks.o [1]
vTaskSwitchContext      0x08000d05     0xba  Code  Gb  tasks.o [1]
xActiveTimerList1       0x20013168     0x14  Data  Lc  timers.o [1]
xActiveTimerList2       0x2001317c     0x14  Data  Lc  timers.o [1]
xAreBlockTimeTestTasksStillRunning
                        0x08003fcf     0x40  Code  Gb  blocktim.o [1]
xAreBlockTimeTestTasksStillRunning::xLastPrimaryCycleCount
                        0x20013208      0x4  Data  Lc  blocktim.o [1]
xAreBlockTimeTestTasksStillRunning::xLastSecondaryCycleCount
                        0x2001320c      0x4  Data  Lc  blocktim.o [1]
xAreBlockingQueuesStillRunning
                        0x08003a8d     0x50  Code  Gb  BlockQ.o [1]
xAreBlockingQueuesStillRunning::sLastBlockingConsumerCount
                        0x200131c0      0x8  Data  Lc  BlockQ.o [1]
xAreBlockingQueuesStillRunning::sLastBlockingProducerCount
                        0x200131c8      0x8  Data  Lc  BlockQ.o [1]
xAreDynamicPriorityTasksStillRunning
                        0x08003835     0x4c  Code  Gb  dynamic.o [1]
xAreDynamicPriorityTasksStillRunning::ulLastExpectedValue
                        0x20013240      0x4  Data  Lc  dynamic.o [1]
xAreDynamicPriorityTasksStillRunning::usLastTaskCheck
                        0x2001332c      0x2  Data  Lc  dynamic.o [1]
xAreGenericQueueTasksStillRunning
                        0x08004627     0x46  Code  Gb  GenQTest.o [1]
xAreGenericQueueTasksStillRunning::ulLastLoopCounter
                        0x20013264      0x4  Data  Lc  GenQTest.o [1]
xAreGenericQueueTasksStillRunning::ulLastLoopCounter2
                        0x20013268      0x4  Data  Lc  GenQTest.o [1]
xAreIntegerMathsTaskStillRunning
                        0x080035d1     0x2c  Code  Gb  integer.o [1]
xAreMathsTaskStillRunning
                        0x080034bd     0x30  Code  Gb  sp_flop.o [1]
xAreMathsTaskStillRunning::usLastTaskCheck
                        0x200131a0     0x10  Data  Lc  sp_flop.o [1]
xArePollingQueuesStillRunning
                        0x08004b8d     0x28  Code  Gb  PollQ.o [1]
xAreRecursiveMutexTasksStillRunning
                        0x080048ad     0x68  Code  Gb  recmutex.o [1]
xAreRecursiveMutexTasksStillRunning::uxLastBlockingCycles
                        0x200132d0      0x4  Data  Lc  recmutex.o [1]
xAreRecursiveMutexTasksStillRunning::uxLastControllingCycles
                        0x200132cc      0x4  Data  Lc  recmutex.o [1]
xAreRecursiveMutexTasksStillRunning::uxLastPollingCycles
                        0x200132d4      0x4  Data  Lc  recmutex.o [1]
xAreSemaphoreTasksStillRunning
                        0x08004d8f     0x30  Code  Gb  semtest.o [1]
xAreSemaphoreTasksStillRunning::sLastCheckVariables
                        0x200131e8      0x8  Data  Lc  semtest.o [1]
xBlockWasAborted        0x20013260      0x4  Data  Lc  GenQTest.o [1]
xBlockingIsSuspended    0x200132b4      0x4  Data  Lc  recmutex.o [1]
xBlockingTaskHandle     0x200132c8      0x4  Data  Lc  recmutex.o [1]
xContinuousIncrementHandle
                        0x20013220      0x4  Data  Lc  dynamic.o [1]
xControllingIsSuspended
                        0x200132b0      0x4  Data  Lc  recmutex.o [1]
xControllingTaskHandle  0x200132c4      0x4  Data  Lc  recmutex.o [1]
xCreatedTask            0x20013218      0x4  Data  Gb  death.o [1]
xDelayedTaskList1       0x20013104     0x14  Data  Lc  tasks.o [1]
xDelayedTaskList2       0x20013118     0x14  Data  Lc  tasks.o [1]
xEnd                    0x200131d8      0x8  Data  Lc  heap_2.o [1]
xErrorDetected          0x20013210      0x4  Data  Lc  countsem.o [1]
xErrorDetected          0x20013248      0x4  Data  Lc  GenQTest.o [1]
xErrorOccurred          0x20013200      0x4  Data  Lc  blocktim.o [1]
xErrorOccurred          0x200132ac      0x4  Data  Lc  recmutex.o [1]
xFreeBytesRemaining     0x20000000      0x4  Data  Lc  heap_2.o [1]
xHighPriorityMutexTask  0x20013258      0x4  Data  Lc  GenQTest.o [1]
xIdleTaskHandle         0x2001330c      0x4  Data  Lc  tasks.o [1]
xIsCreateTaskStillRunning
                        0x08004a0f     0x52  Code  Gb  death.o [1]
xIsCreateTaskStillRunning::usLastCreationCount
                        0x20000040      0x2  Data  Lc  death.o [1]
xIsCreateTaskStillRunning::uxTasksRunningNow
                        0x2001321c      0x4  Data  Lc  death.o [1]
xLEDs                   0x08005e24      0x4  Data  Lc  ParTest.o [1]
xLimitedIncrementHandle
                        0x20013224      0x4  Data  Lc  dynamic.o [1]
xMediumPriorityMutexTask
                        0x2001325c      0x4  Data  Lc  GenQTest.o [1]
xMutex                  0x200132a8      0x4  Data  Lc  recmutex.o [1]
xNextTaskUnblockTime    0x20013308      0x4  Data  Lc  tasks.o [1]
xNumOfOverflows         0x20013300      0x4  Data  Lc  tasks.o [1]
xParameters             0x200130ec     0x18  Data  Lc  countsem.o [1]
xPendedTicks            0x200132f8      0x4  Data  Lc  tasks.o [1]
xPendingReadyList       0x2001312c     0x14  Data  Lc  tasks.o [1]
xPollingConsumerCount   0x20013298      0x4  Data  Lc  PollQ.o [1]
xPollingProducerCount   0x2001329c      0x4  Data  Lc  PollQ.o [1]
xPortStartScheduler     0x08001893     0xe8  Code  Gb  port.o [1]
xPrimaryCycles          0x200131f8      0x4  Data  Lc  blocktim.o [1]
xQueueCreateCountingSemaphore
                        0x08002623     0x3c  Code  Gb  queue.o [1]
xQueueCreateMutex       0x0800256f     0x20  Code  Gb  queue.o [1]
xQueueGenericCreate     0x080024ab     0x6c  Code  Gb  queue.o [1]
xQueueGenericReset      0x080023e1     0xca  Code  Gb  queue.o [1]
xQueueGenericSend       0x0800265f    0x1b2  Code  Gb  queue.o [1]
xQueueGenericSendFromISR
                        0x08002811    0x120  Code  Gb  queue.o [1]
xQueueGiveFromISR       0x08002931    0x100  Code  Gb  queue.o [1]
xQueueGiveMutexRecursive
                        0x0800258f     0x4a  Code  Gb  queue.o [1]
xQueuePeek              0x08002d33    0x172  Code  Gb  queue.o [1]
xQueueReceive           0x08002a31    0x16e  Code  Gb  queue.o [1]
xQueueRegistry          0x200130ac     0x40  Data  Gb  queue.o [1]
xQueueSemaphoreTake     0x08002b9f    0x194  Code  Gb  queue.o [1]
xQueueTakeMutexRecursive
                        0x080025d9     0x4a  Code  Gb  queue.o [1]
xRunIndicator           0x20013204      0x4  Data  Lc  blocktim.o [1]
xSchedulerRunning       0x200132f4      0x4  Data  Lc  tasks.o [1]
xSecondary              0x200131f4      0x4  Data  Lc  blocktim.o [1]
xSecondaryCycles        0x200131fc      0x4  Data  Lc  blocktim.o [1]
xStart                  0x200131d0      0x8  Data  Lc  heap_2.o [1]
xSuspendedQueueReceiveError
                        0x20013230      0x4  Data  Lc  dynamic.o [1]
xSuspendedQueueSendError
                        0x2001322c      0x4  Data  Lc  dynamic.o [1]
xSuspendedTaskList      0x20013154     0x14  Data  Lc  tasks.o [1]
xSuspendedTestQueue     0x20013234      0x4  Data  Gb  dynamic.o [1]
xTaskCheck              0x20013270      0x4  Data  Lc  integer.o [1]
xTaskCheckForTimeOut    0x08000fad     0x96  Code  Gb  tasks.o [1]
xTaskCreate             0x08000189     0x8a  Code  Gb  tasks.o [1]
xTaskDelayUntil         0x080004d7     0xb8  Code  Gb  tasks.o [1]
xTaskGetCurrentTaskHandle
                        0x08001175      0xa  Code  Gb  tasks.o [1]
xTaskGetSchedulerState  0x0800117f     0x26  Code  Gb  tasks.o [1]
xTaskGetTickCount       0x08000b1f      0xa  Code  Gb  tasks.o [1]
xTaskIncrementTick      0x08000b49    0x1b0  Code  Gb  tasks.o [1]
xTaskPriorityDisinherit
                        0x08001289     0xd4  Code  Gb  tasks.o [1]
xTaskPriorityInherit    0x080011a7     0xda  Code  Gb  tasks.o [1]
xTaskRemoveFromEventList
                        0x08000e75    0x126  Code  Gb  tasks.o [1]
xTaskResumeAll          0x080009b7    0x168  Code  Gb  tasks.o [1]
xTasksWaitingTermination
                        0x20013140     0x14  Data  Lc  tasks.o [1]
xTestQueue              0x200131f0      0x4  Data  Lc  blocktim.o [1]
xTestSemaphore          0x20013284      0x4  Data  Lc  main.o [1]
xTickCount              0x200132ec      0x4  Data  Lc  tasks.o [1]
xTimerCreate            0x08001b11     0x40  Code  Gb  timers.o [1]
xTimerCreateTimerTask   0x08001ac9     0x48  Code  Gb  timers.o [1]
xTimerGenericCommand    0x08001ba9     0x84  Code  Gb  timers.o [1]
xTimerQueue             0x2001331c      0x4  Data  Lc  timers.o [1]
xTimerTaskHandle        0x20013320      0x4  Data  Lc  timers.o [1]
xYieldPending           0x200132fc      0x4  Data  Lc  tasks.o [1]


[1] = C:\Users\ziqia\Desktop\FreeRTOS\FreeRTOS_STM32F407ZGT6_IAR\Demo\CORTEX_M4F_STM32F407ZG-SK\Flash Debug\Obj
[2] = command line
[3] = dl7M_tlf.a
[4] = m7M_tls.a
[5] = rt7M_tl.a
[6] = shb_l.a

  23 604 bytes of readonly  code memory
     816 bytes of readonly  data memory
  78 635 bytes of readwrite data memory

Errors: none
Warnings: none
